Copyright 1986-2022 Xilinx, Inc. All Rights Reserved. Copyright 2022-2025 Advanced Micro Devices, Inc. All Rights Reserved.
---------------------------------------------------------------------------------------------------------------------------------------------
| Tool Version : Vivado v.2025.2 (win64) Build 6299465 Fri Nov 14 19:35:11 GMT 2025
| Date         : Wed Apr 22 19:17:55 2026
| Host         : PC-708 running 64-bit major release  (build 9200)
| Command      : report_control_sets -verbose -file Binary_Perception_Game_Top_control_sets_placed.rpt
| Design       : Binary_Perception_Game_Top
| Device       : xc7a50ti
---------------------------------------------------------------------------------------------------------------------------------------------

Control Set Information

Table of Contents
-----------------
1. Summary
2. Histogram
3. Flip-Flop Distribution
4. Detailed Control Set Information

1. Summary
----------

+----------------------------------------------------------+-------+
|                          Status                          | Count |
+----------------------------------------------------------+-------+
| Total control sets                                       |     8 |
|    Minimum number of control sets                        |     8 |
|    Addition due to synthesis replication                 |     0 |
|    Addition due to physical synthesis replication        |     0 |
| Unused register locations in slices containing registers |    33 |
+----------------------------------------------------------+-------+
* Control sets can be merged at opt_design using control_set_merge or merge_equivalent_drivers
** Run report_qor_suggestions for automated merging and remapping suggestions


2. Histogram
------------

+--------------------+-------+
|       Fanout       | Count |
+--------------------+-------+
| Total control sets |     8 |
| >= 0 to < 4        |     1 |
| >= 4 to < 6        |     1 |
| >= 6 to < 8        |     1 |
| >= 8 to < 10       |     1 |
| >= 10 to < 12      |     1 |
| >= 12 to < 14      |     1 |
| >= 14 to < 16      |     0 |
| >= 16              |     2 |
+--------------------+-------+
* Control sets can be remapped at either synth_design or opt_design


3. Flip-Flop Distribution
-------------------------

+--------------+-----------------------+------------------------+-----------------+--------------+
| Clock Enable | Synchronous Set/Reset | Asynchronous Set/Reset | Total Registers | Total Slices |
+--------------+-----------------------+------------------------+-----------------+--------------+
| No           | No                    | No                     |               3 |            2 |
| No           | No                    | Yes                    |               0 |            0 |
| No           | Yes                   | No                     |              47 |           17 |
| Yes          | No                    | No                     |               0 |            0 |
| Yes          | No                    | Yes                    |               0 |            0 |
| Yes          | Yes                   | No                     |              29 |           10 |
+--------------+-----------------------+------------------------+-----------------+--------------+


4. Detailed Control Set Information
-----------------------------------

+----------------+---------------------------------------+-----------------------------------+------------------+----------------+--------------+
|  Clock Signal  |             Enable Signal             |          Set/Reset Signal         | Slice Load Count | Bel Load Count | Bels / Slice |
+----------------+---------------------------------------+-----------------------------------+------------------+----------------+--------------+
|  clk_IBUF_BUFG |                                       |                                   |                2 |              3 |         1.50 |
|  clk_IBUF_BUFG | Inst_Game/FSM_onehot_state[3]_i_2_n_0 | Inst_Game/SR[0]                   |                1 |              4 |         4.00 |
|  clk_IBUF_BUFG | Inst_Game/s_ms_divider[0]             | Inst_Game/SR[0]                   |                3 |              7 |         2.33 |
|  clk_IBUF_BUFG | Inst_Game/Q[0]                        | Inst_Game/SR[0]                   |                3 |              8 |         2.67 |
|  clk_IBUF_BUFG | Inst_Game/s_timer_0[0]                | Inst_Game/SR[0]                   |                3 |             10 |         3.33 |
|  clk_IBUF_BUFG |                                       | Inst_Game/SR[0]                   |                7 |             13 |         1.86 |
|  clk_IBUF_BUFG |                                       | Inst_Clock/s_cnt[0]_i_1_n_0       |                5 |             17 |         3.40 |
|  clk_IBUF_BUFG |                                       | Inst_Debounce/s_cnt[0]_i_1__0_n_0 |                5 |             17 |         3.40 |
+----------------+---------------------------------------+-----------------------------------+------------------+----------------+--------------+


